Microchip MPLAB XC8 Compiler V1.35 ()

Linker command line:

--edf=/opt/microchip/xc8/v1.35/dat/en_msgs.txt -cs \
  -h+dist/default/production/PIC16F1789.production.sym \
  --cmf=dist/default/production/PIC16F1789.production.cmf -z -Q16LF1789 \
  -o/tmp/xcXtJoESb -Mdist/default/production/PIC16F1789.production.map -E1 \
  -ver=XC8 -ASTACK=0211Eh-026a7h -pstack=STACK -ACODE=00h-07FFhx8 \
  -ASTRCODE=00h-03FFFh -ASTRING=00h-0FFhx64 -ACONST=00h-0FFhx64 \
  -AENTRY=00h-0FFhx64 -ACOMMON=070h-07Fh -ABANK0=020h-06Fh \
  -ABANK1=0A0h-0EFh -ABANK2=0120h-016Fh -ABANK3=01A0h-01EFh \
  -ABANK4=0220h-026Fh -ABANK5=02A0h-02EFh -ABANK6=0320h-036Fh \
  -ABANK7=03A0h-03EFh -ABANK8=0420h-046Fh -ABANK9=04A0h-04EFh \
  -ABANK10=0520h-056Fh -ABANK11=05A0h-05EFh -ABANK12=0620h-066Fh \
  -ABANK13=06A0h-06EFh -ABANK14=0720h-076Fh -ABANK15=07A0h-07EFh \
  -ABANK16=0820h-086Fh -ABANK17=08A0h-08EFh -ABANK18=0920h-096Fh \
  -ABANK19=09A0h-09EFh -ABANK20=0A20h-0A6Fh -ABANK21=0AA0h-0AEFh \
  -ABANK22=0B20h-0B6Fh -ABANK23=0BA0h-0BEFh -ABANK24=0C20h-0C6Fh \
  -ABANK25=0CA0h-0CBFh -ABIGRAM=02000h-027EFh \
  -ARAM=020h-06Fh,0A0h-0EFh,0120h-016Fh,01A0h-01EFh,0220h-026Fh,02A0h-02EFh,0320h-036Fh,03A0h-03EFh,0420h-046Fh,04A0h-04EFh,0520h-056Fh,05A0h-05EFh,0620h-066Fh,06A0h-06EFh,0720h-076Fh,07A0h-07EFh,0820h-086Fh,08A0h-08EFh,0920h-096Fh,09A0h-09EFh,0A20h-0A6Fh,0AA0h-0AEFh,0B20h-0B6Fh,0BA0h-0BEFh,0C20h-0C6Fh,0CA0h-0CBFh \
  -AABS1=020h-07Fh,0A0h-0EFh,0120h-016Fh,01A0h-01EFh,0220h-026Fh,02A0h-02EFh,0320h-036Fh,03A0h-03EFh,0420h-046Fh,04A0h-04EFh,0520h-056Fh,05A0h-05EFh,0620h-066Fh,06A0h-06EFh,0720h-076Fh,07A0h-07EFh,0820h-086Fh,08A0h-08EFh,0920h-096Fh,09A0h-09EFh,0A20h-0A6Fh,0AA0h-0AEFh,0B20h-0B6Fh,0BA0h-0BEFh,0C20h-0C6Fh,0CA0h-0CBFh \
  -ASFR0=00h-01Fh -ASFR1=080h-09Fh -ASFR2=0100h-011Fh -ASFR3=0180h-019Fh \
  -ASFR4=0200h-021Fh -ASFR5=0280h-029Fh -ASFR6=0300h-031Fh \
  -ASFR7=0380h-039Fh -ASFR8=0400h-041Fh -ASFR9=0480h-049Fh \
  -ASFR10=0500h-051Fh -ASFR11=0580h-059Fh -ASFR12=0600h-061Fh \
  -ASFR13=0680h-069Fh -ASFR14=0700h-071Fh -ASFR15=0780h-079Fh \
  -ASFR16=0800h-081Fh -ASFR17=0880h-089Fh -ASFR18=0900h-091Fh \
  -ASFR19=0980h-099Fh -ASFR20=0A00h-0A1Fh -ASFR21=0A80h-0A9Fh \
  -ASFR22=0B00h-0B1Fh -ASFR23=0B80h-0B9Fh -ASFR24=0C00h-0C1Fh \
  -ASFR25=0C80h-0C9Fh -ASFR26=0D00h-0D6Fh -ASFR27=0D80h-0DEFh \
  -ASFR28=0E00h-0E6Fh -ASFR29=0E80h-0EEFh -ASFR30=0F00h-0F6Fh \
  -ASFR31=0F80h-0FEFh -preset_vec=00h,intentry=04h,init,end_init \
  -ppowerup=CODE -pcinit=CODE -pfunctab=CODE -ACONFIG=08007h-08008h \
  -pconfig=CONFIG -DCONFIG=2 -AIDLOC=08000h-08003h -pidloc=IDLOC -DIDLOC=2 \
  -AEEDATA=00h-0FFh/0F000h -peeprom_data=EEDATA -DEEDATA=2 -DCODE=2 \
  -DSTRCODE=2 -DSTRING=2 -DCONST=2 -DENTRY=2 -k /tmp/xcXD1HsTo.obj \
  dist/default/production/PIC16F1789.production.obj 

Object code version is 3.11

Machine type is 16LF1789



                Name                               Link     Load   Length Selector   Space Scale
/tmp/xcXD1HsTo.obj
                end_init                             27       27        2        8       0
                reset_vec                             0        0        2        0       0
                config                             8007     8007        2    1000E       0
dist/default/production/PIC16F1789.production.obj
                cinit                                29       29       30        8       0
                intentry                              4        4       23        8       0
                text81                             2C49     2C49       1C     5892       0
                text80                             2CD5     2CD5       1D     59AA       0
                text79                                3        3        1        6       0
                text78                             2BE0     2BE0       1A     57C0       0
                text77                             2C65     2C65       1C     58CA       0
                text76                             2D10     2D10       20     5A20       0
                text75                             2D30     2D30       21     5A60       0
                text74                             2BFA     2BFA       1A     57F4       0
                text72                             2C14     2C14       1A     5828       0
                text71                             241E     241E       76     483C       0
                text70                             2CF2     2CF2       1E     59E4       0
                text69                             2D95     2D95       24     5B2A       0
                text68                             2B9F     2B9F       15     573E       0
                text67                             2EB1     2EB1       34     5D62       0
                text66                             2B50     2B50        E     56A0       0
                text65                             2C81     2C81       1C     5902       0
                text64                             2C9D     2C9D       1C     593A       0
                text63                             2B3E     2B3E        9     567C       0
                text62                             2C2E     2C2E       1B     585C       0
                text61                             2B19     2B19        4     5632       0
                text60                             2B1D     2B1D        6     563A       0
                text59                             2EE5     2EE5       35     5DCA       0
                text58                             2B29     2B29        7     5652       0
                text57                             2B30     2B30        7     5660       0
                text56                             2B37     2B37        7     566E       0
                text55                             2B23     2B23        6     5646       0
                text54                             2B6D     2B6D       10     56DA       0
                text53                             1800     1800        3     2BA6       0
                text52                             2B47     2B47        9     568E       0
                text51                             2D51     2D51       21     5AA2       0
                text50                             23B9     23B9       65     4772       0
                text49                             2163     2163       3D     42C6       0
                text48                             2B8D     2B8D       12     571A       0
                text47                             26A3     26A3       A9     4D46       0
                text46                             2FC4     2FC4       3C     5F88       0
                text45                             274C     274C       B4     4E98       0
                text44                             1803     1803        9     3006       0
                text43                              7CF      7CF       30        8       0
                text42                             2B5E     2B5E        F     56BC       0
                text41                             2150     2150       13     42A0       0
                text40                              979      979      328     12F2       0
                text39                             2B7D     2B7D       10     56FA       0
                text38                             18C2     18C2       F6     3184       0
                text37                             2CB9     2CB9       1C     5972       0
                text36                             22F9     22F9       60     45F2       0
                text35                             2D72     2D72       23     5AE4       0
                text34                              802      802      177     1004       0
                text33                             2E83     2E83       2E     5D06       0
                text32                             1AD5     1AD5      147     35AA       0
                text31                             1E01     1E01      1FF     3C02       0
                text30                             21A0     21A0       3D     4340       0
                text29                             2595     2595       87     4B2A       0
                text28                             2F1A     2F1A       36     5E34       0
                text27                             2510     2510       85     4A20       0
                text26                             1C1C     1C1C      1E5     3838       0
                text25                             2494     2494       7C     4928       0
                text24                             2DDF     2DDF       27     5BBE       0
                text23                             2E06     2E06       27     5C0C       0
                text22                             11C5     11C5      207     238A       0
                text21                             2F50     2F50       3A     5EA0       0
                text20                             13CC     13CC      207     2798       0
                text19                             21DD     21DD       41     43BA       0
                text18                             261C     261C       87     4C38       0
                text17                              CA1      CA1      35F     1942       0
                text16                             2359     2359       60     46B2       0
                text15                             2F8A     2F8A       3A     5F14       0
                text14                             2E57     2E57       2C     5CAE       0
                text13                             2DB9     2DB9       26     5B72       0
                text12                             2BB4     2BB4       16     5768       0
                text11                             2BCA     2BCA       16     5794       0
                text10                             100C     100C       53     2018       0
                text9                              221E     221E       43     443C       0
                text8                              2E2D     2E2D       2A     5C5A       0
                text7                              19B8     19B8      11D     3370       0
                text6                              180C     180C       B6     3018       0
                text5                              22A7     22A7       52     454E       0
                text4                              2261     2261       46     44C2       0
                text3                              105F     105F      166     20BE       0
                text2                               589      589      246        8       0
                text1                                59       59      530        8       0
                maintext                           15D3     15D3      22D     2BA6       0
                cstackBANK0                          20       20       50       20       1
                cstackCOMMON                         70       70        6       70       1
                cstackBANK1                          A0       A0       3C       A0       1
                cstackBANK2                         120      120       48      120       1
                clrtext                            1000     1000        C     1942       0
                bssBANK3                            1A0      1A0       2E      1A0       1
                bssBANK2                            168      168        2      120       1
                bssBANK1                             DC       DC        C       A0       1
                dataCOMMON                           7B       7B        1       70       1
                bssCOMMON                            76       76        5       70       1
                nvBANK1                              E8       E8        2       A0       1
                stringtext                         2000     2000      150     4000       0
                idataCOMMON                         7FF      7FF        1        8       0

TOTAL           Name                               Link     Load   Length     Space
        CLASS   STACK          

        CLASS   CODE           
                end_init                             27       27        2         0
                cinit                                29       29       30         0
                intentry                              4        4       23         0
                reset_vec                             0        0        2         0
                text81                             2C49     2C49       1C         0
                text80                             2CD5     2CD5       1D         0
                text79                                3        3        1         0
                text78                             2BE0     2BE0       1A         0
                text77                             2C65     2C65       1C         0
                text76                             2D10     2D10       20         0
                text75                             2D30     2D30       21         0
                text74                             2BFA     2BFA       1A         0
                text72                             2C14     2C14       1A         0
                text71                             241E     241E       76         0
                text70                             2CF2     2CF2       1E         0
                text69                             2D95     2D95       24         0
                text68                             2B9F     2B9F       15         0
                text67                             2EB1     2EB1       34         0
                text66                             2B50     2B50        E         0
                text65                             2C81     2C81       1C         0
                text64                             2C9D     2C9D       1C         0
                text63                             2B3E     2B3E        9         0
                text62                             2C2E     2C2E       1B         0
                text61                             2B19     2B19        4         0
                text60                             2B1D     2B1D        6         0
                text59                             2EE5     2EE5       35         0
                text58                             2B29     2B29        7         0
                text57                             2B30     2B30        7         0
                text56                             2B37     2B37        7         0
                text55                             2B23     2B23        6         0
                text54                             2B6D     2B6D       10         0
                text53                             1800     1800        3         0
                text52                             2B47     2B47        9         0
                text51                             2D51     2D51       21         0
                text50                             23B9     23B9       65         0
                text49                             2163     2163       3D         0
                text48                             2B8D     2B8D       12         0
                text47                             26A3     26A3       A9         0
                text46                             2FC4     2FC4       3C         0
                text45                             274C     274C       B4         0
                text44                             1803     1803        9         0
                text43                              7CF      7CF       30         0
                text42                             2B5E     2B5E        F         0
                text41                             2150     2150       13         0
                text40                              979      979      328         0
                text39                             2B7D     2B7D       10         0
                text38                             18C2     18C2       F6         0
                text37                             2CB9     2CB9       1C         0
                text36                             22F9     22F9       60         0
                text35                             2D72     2D72       23         0
                text34                              802      802      177         0
                text33                             2E83     2E83       2E         0
                text32                             1AD5     1AD5      147         0
                text31                             1E01     1E01      1FF         0
                text30                             21A0     21A0       3D         0
                text29                             2595     2595       87         0
                text28                             2F1A     2F1A       36         0
                text27                             2510     2510       85         0
                text26                             1C1C     1C1C      1E5         0
                text25                             2494     2494       7C         0
                text24                             2DDF     2DDF       27         0
                text23                             2E06     2E06       27         0
                text22                             11C5     11C5      207         0
                text21                             2F50     2F50       3A         0
                text20                             13CC     13CC      207         0
                text19                             21DD     21DD       41         0
                text18                             261C     261C       87         0
                text17                              CA1      CA1      35F         0
                text16                             2359     2359       60         0
                text15                             2F8A     2F8A       3A         0
                text14                             2E57     2E57       2C         0
                text13                             2DB9     2DB9       26         0
                text12                             2BB4     2BB4       16         0
                text11                             2BCA     2BCA       16         0
                text10                             100C     100C       53         0
                text9                              221E     221E       43         0
                text8                              2E2D     2E2D       2A         0
                text7                              19B8     19B8      11D         0
                text6                              180C     180C       B6         0
                text5                              22A7     22A7       52         0
                text4                              2261     2261       46         0
                text3                              105F     105F      166         0
                text2                               589      589      246         0
                text1                                59       59      530         0
                maintext                           15D3     15D3      22D         0
                clrtext                            1000     1000        C         0
                idataCOMMON                         7FF      7FF        1         0

        CLASS   STRCODE        
                stringtext                         2000     2000      150         0

        CLASS   STRING         

        CLASS   CONST          

        CLASS   ENTRY          

        CLASS   COMMON         
                cstackCOMMON                         70       70        6         1
                dataCOMMON                           7B       7B        1         1
                bssCOMMON                            76       76        5         1

        CLASS   BANK0          
                cstackBANK0                          20       20       50         1

        CLASS   BANK1          
                cstackBANK1                          A0       A0       3C         1
                bssBANK1                             DC       DC        C         1
                nvBANK1                              E8       E8        2         1

        CLASS   BANK2          
                cstackBANK2                         120      120       48         1
                bssBANK2                            168      168        2         1

        CLASS   BANK3          
                bssBANK3                            1A0      1A0       2E         1

        CLASS   BANK4          

        CLASS   BANK5          

        CLASS   BANK6          

        CLASS   BANK7          

        CLASS   BANK8          

        CLASS   BANK9          

        CLASS   BANK10         

        CLASS   BANK11         

        CLASS   BANK12         

        CLASS   BANK13         

        CLASS   BANK14         

        CLASS   BANK15         

        CLASS   BANK16         

        CLASS   BANK17         

        CLASS   BANK18         

        CLASS   BANK19         

        CLASS   BANK20         

        CLASS   BANK21         

        CLASS   BANK22         

        CLASS   BANK23         

        CLASS   BANK24         

        CLASS   BANK25         

        CLASS   BIGRAM         

        CLASS   RAM            

        CLASS   ABS1           
                abs_s1                               7E       7E        2         1
                abs_s1                              AB8      AB8       38         1
                abs_s1                              B20      B20       50         1
                abs_s1                              BA0      BA0       50         1
                abs_s1                              C20      C20       50         1
                abs_s1                              CA0      CA0       20         1
                abs_s1                             26A8     26A8        0         1
                abs_s1                             270C     270C        0         1
                abs_s1                             278C     278C        0         1

        CLASS   SFR0           

        CLASS   SFR1           

        CLASS   SFR2           

        CLASS   SFR3           

        CLASS   SFR4           

        CLASS   SFR5           

        CLASS   SFR6           

        CLASS   SFR7           

        CLASS   SFR8           

        CLASS   SFR9           

        CLASS   SFR10          

        CLASS   SFR11          

        CLASS   SFR12          

        CLASS   SFR13          

        CLASS   SFR14          

        CLASS   SFR15          

        CLASS   SFR16          

        CLASS   SFR17          

        CLASS   SFR18          

        CLASS   SFR19          

        CLASS   SFR20          

        CLASS   SFR21          

        CLASS   SFR22          

        CLASS   SFR23          

        CLASS   SFR24          

        CLASS   SFR25          

        CLASS   SFR26          

        CLASS   SFR27          

        CLASS   SFR28          

        CLASS   SFR29          

        CLASS   SFR30          

        CLASS   SFR31          

        CLASS   CONFIG         
                config                             8007     8007        2         0

        CLASS   IDLOC          

        CLASS   EEDATA         

        CLASS   BANK31         

        CLASS   BANK30         

        CLASS   BANK29         

        CLASS   BANK28         

        CLASS   BANK27         

        CLASS   BANK26         



SEGMENTS        Name                           Load    Length   Top    Selector   Space  Class     Delta

                reset_vec                      000000  000002  000002         0       0  CODE        2
                text79                         000003  000001  000004         6       0  CODE        2
                intentry                       000004  0007FC  000800         8       0  CODE        2
                cstackBANK0                    000020  000050  000070        20       1  BANK0       1
                cstackCOMMON                   000070  00000C  00007C        70       1  COMMON      1
                cstackBANK1                    0000A0  00004A  0000EA        A0       1  BANK1       1
                cstackBANK2                    000120  00004A  00016A       120       1  BANK2       1
                bssBANK3                       0001A0  00002E  0001CE       1A0       1  BANK3       1
                text34                         000802  000177  000979      1004       0  CODE        2
                text40                         000979  000328  000CA1      12F2       0  CODE        2
                text17                         000CA1  00036B  00100C      1942       0  CODE        2
                text10                         00100C  000053  00105F      2018       0  CODE        2
                text3                          00105F  000166  0011C5      20BE       0  CODE        2
                text22                         0011C5  000207  0013CC      238A       0  CODE        2
                text20                         0013CC  000207  0015D3      2798       0  CODE        2
                maintext                       0015D3  000230  001803      2BA6       0  CODE        2
                text44                         001803  000009  00180C      3006       0  CODE        2
                text6                          00180C  0000B6  0018C2      3018       0  CODE        2
                text38                         0018C2  0000F6  0019B8      3184       0  CODE        2
                text7                          0019B8  00011D  001AD5      3370       0  CODE        2
                text32                         001AD5  000147  001C1C      35AA       0  CODE        2
                text26                         001C1C  0001E5  001E01      3838       0  CODE        2
                text31                         001E01  0001FF  002000      3C02       0  CODE        2
                stringtext                     002000  000150  002150      4000       0  STRCODE     2
                text41                         002150  000013  002163      42A0       0  CODE        2
                text49                         002163  00003D  0021A0      42C6       0  CODE        2
                text30                         0021A0  00003D  0021DD      4340       0  CODE        2
                text19                         0021DD  000041  00221E      43BA       0  CODE        2
                text9                          00221E  000043  002261      443C       0  CODE        2
                text4                          002261  000046  0022A7      44C2       0  CODE        2
                text5                          0022A7  000052  0022F9      454E       0  CODE        2
                text36                         0022F9  000060  002359      45F2       0  CODE        2
                text16                         002359  000060  0023B9      46B2       0  CODE        2
                text50                         0023B9  000065  00241E      4772       0  CODE        2
                text71                         00241E  000076  002494      483C       0  CODE        2
                text25                         002494  00007C  002510      4928       0  CODE        2
                text27                         002510  000085  002595      4A20       0  CODE        2
                text29                         002595  000087  00261C      4B2A       0  CODE        2
                text18                         00261C  000087  0026A3      4C38       0  CODE        2
                text47                         0026A3  0000A9  00274C      4D46       0  CODE        2
                text45                         00274C  0000B4  002800      4E98       0  CODE        2
                text61                         002B19  000004  002B1D      5632       0  CODE        2
                text60                         002B1D  000006  002B23      563A       0  CODE        2
                text55                         002B23  000006  002B29      5646       0  CODE        2
                text58                         002B29  000007  002B30      5652       0  CODE        2
                text57                         002B30  000007  002B37      5660       0  CODE        2
                text56                         002B37  000007  002B3E      566E       0  CODE        2
                text63                         002B3E  000009  002B47      567C       0  CODE        2
                text52                         002B47  000009  002B50      568E       0  CODE        2
                text66                         002B50  00000E  002B5E      56A0       0  CODE        2
                text42                         002B5E  00000F  002B6D      56BC       0  CODE        2
                text54                         002B6D  000010  002B7D      56DA       0  CODE        2
                text39                         002B7D  000010  002B8D      56FA       0  CODE        2
                text48                         002B8D  000012  002B9F      571A       0  CODE        2
                text68                         002B9F  000015  002BB4      573E       0  CODE        2
                text12                         002BB4  000016  002BCA      5768       0  CODE        2
                text11                         002BCA  000016  002BE0      5794       0  CODE        2
                text78                         002BE0  00001A  002BFA      57C0       0  CODE        2
                text74                         002BFA  00001A  002C14      57F4       0  CODE        2
                text72                         002C14  00001A  002C2E      5828       0  CODE        2
                text62                         002C2E  00001B  002C49      585C       0  CODE        2
                text81                         002C49  00001C  002C65      5892       0  CODE        2
                text77                         002C65  00001C  002C81      58CA       0  CODE        2
                text65                         002C81  00001C  002C9D      5902       0  CODE        2
                text64                         002C9D  00001C  002CB9      593A       0  CODE        2
                text37                         002CB9  00001C  002CD5      5972       0  CODE        2
                text80                         002CD5  00001D  002CF2      59AA       0  CODE        2
                text70                         002CF2  00001E  002D10      59E4       0  CODE        2
                text76                         002D10  000020  002D30      5A20       0  CODE        2
                text75                         002D30  000021  002D51      5A60       0  CODE        2
                text51                         002D51  000021  002D72      5AA2       0  CODE        2
                text35                         002D72  000023  002D95      5AE4       0  CODE        2
                text69                         002D95  000024  002DB9      5B2A       0  CODE        2
                text13                         002DB9  000026  002DDF      5B72       0  CODE        2
                text24                         002DDF  000027  002E06      5BBE       0  CODE        2
                text23                         002E06  000027  002E2D      5C0C       0  CODE        2
                text8                          002E2D  00002A  002E57      5C5A       0  CODE        2
                text14                         002E57  00002C  002E83      5CAE       0  CODE        2
                text33                         002E83  00002E  002EB1      5D06       0  CODE        2
                text67                         002EB1  000034  002EE5      5D62       0  CODE        2
                text59                         002EE5  000035  002F1A      5DCA       0  CODE        2
                text28                         002F1A  000036  002F50      5E34       0  CODE        2
                text21                         002F50  00003A  002F8A      5EA0       0  CODE        2
                text15                         002F8A  00003A  002FC4      5F14       0  CODE        2
                text46                         002FC4  00003C  003000      5F88       0  CODE        2
                config                         008007  000002  008009     1000E       0  CONFIG      2


UNUSED ADDRESS RANGES

        Name                Unused          Largest block    Delta
        BANK1            000EA-000EF               6           1
        BANK10           00520-0056F              50           1
        BANK11           005A0-005EF              50           1
        BANK12           00620-0066F              50           1
        BANK13           006A0-006EF              50           1
        BANK14           00720-0076F              50           1
        BANK15           007A0-007EF              50           1
        BANK16           00820-0086F              50           1
        BANK17           008A0-008EF              50           1
        BANK18           00920-0096F              50           1
        BANK19           009A0-009EF              50           1
        BANK2            0016A-0016F               6           1
        BANK20           00A20-00A6F              50           1
        BANK21           00AA0-00AB7              18           1
        BANK3            001CE-001EF              22           1
        BANK4            00220-0026F              50           1
        BANK5            002A0-002EF              50           1
        BANK6            00320-0036F              50           1
        BANK7            003A0-003EF              50           1
        BANK8            00420-0046F              50           1
        BANK9            004A0-004EF              50           1
        BIGRAM           02000-027EF             7F0           1
        CODE             00002-00002               1           2
                         00800-00801               2
                         02800-02B18             319
                         03000-03FFF             800
        COMMON           0007C-0007D               2           1
        CONST            00002-00002               1           2
                         00800-00801               2
                         02800-02B18             100
                         03000-03FFF             100
        EEDATA           0F000-0F0FF             100           2
        ENTRY            00002-00002               1           2
                         00800-00801               2
                         02800-02B18             100
                         03000-03FFF             100
        IDLOC            08000-08003               4           2
        RAM              000EA-000EF               6           1
                         0016A-0016F               6
                         001CE-001EF              22
                         00220-0026F              50
                         002A0-002EF              50
                         00320-0036F              50
                         003A0-003EF              50
                         00420-0046F              50
                         004A0-004EF              50
                         00520-0056F              50
                         005A0-005EF              50
                         00620-0066F              50
                         006A0-006EF              50
                         00720-0076F              50
                         007A0-007EF              50
                         00820-0086F              50
                         008A0-008EF              50
                         00920-0096F              50
                         009A0-009EF              50
                         00A20-00A6F              50
                         00AA0-00AB7              18
        SFR0             00000-0001F              20           1
        SFR1             00080-0009F              20           1
        SFR10            00500-0051F              20           1
        SFR11            00580-0059F              20           1
        SFR12            00600-0061F              20           1
        SFR13            00680-0069F              20           1
        SFR14            00700-0071F              20           1
        SFR15            00780-0079F              20           1
        SFR16            00800-0081F              20           1
        SFR17            00880-0089F              20           1
        SFR18            00900-0091F              20           1
        SFR19            00980-0099F              20           1
        SFR2             00100-0011F              20           1
        SFR20            00A00-00A1F              20           1
        SFR21            00A80-00A9F              20           1
        SFR22            00B00-00B1F              20           1
        SFR23            00B80-00B9F              20           1
        SFR24            00C00-00C1F              20           1
        SFR25            00C80-00C9F              20           1
        SFR26            00D00-00D6F              70           1
        SFR27            00D80-00DEF              70           1
        SFR28            00E00-00E6F              70           1
        SFR29            00E80-00EEF              70           1
        SFR3             00180-0019F              20           1
        SFR30            00F00-00F6F              70           1
        SFR31            00F80-00FEF              70           1
        SFR4             00200-0021F              20           1
        SFR5             00280-0029F              20           1
        SFR6             00300-0031F              20           1
        SFR7             00380-0039F              20           1
        SFR8             00400-0041F              20           1
        SFR9             00480-0049F              20           1
        STACK            0211E-026A7             58A           1
        STRCODE          00002-00002               1           2
                         00800-00801               2
                         02800-02B18             319
                         03000-03FFF            1000
        STRING           00002-00002               1           2
                         00800-00801               2
                         02800-02B18             100
                         03000-03FFF             100

                                  Symbol Table

?___altoft                           cstackBANK0  0005D
?___awdiv                            cstackBANK0  00027
?___awmod                            cstackBANK0  00020
?___ftadd                            cstackBANK0  00059
?___ftdiv                            cstackBANK0  00046
?___ftmul                            cstackBANK0  00036
?___ftneg                            cstackBANK0  00020
?___ftpack                           cstackBANK0  00020
?___ftsub                            cstackBANK1  000A0
?___fttol                            cstackBANK0  0004F
?___lldiv                            cstackBANK0  00020
?___llmod                            cstackBANK0  00020
?___lltoft                           cstackBANK0  00028
?___lmul                             cstackBANK0  00020
?___wmul                             cstackBANK0  00030
?__div_to_l_                         cstackBANK0  00020
?__tdiv_to_l_                        cstackBANK0  00020
?_acos                               cstackBANK1  000D1
?_asin                               cstackBANK1  000B9
?_atan                               cstackBANK1  000A0
?_atan2                              cstackBANK1  000BA
?_atof                               cstackBANK0  0006C
?_cos                                cstackBANK1  000B4
?_deg2rad                            cstackBANK0  00056
?_distance                           cstackBANK2  00120
?_eval_poly                          cstackBANK0  00066
?_fabs                               cstackBANK0  00029
?_floor                              cstackBANK0  00066
?_fmod                               cstackBANK1  000A0
?_fround                             cstackBANK0  00046
?_heading                            cstackBANK1  000CF
?_rad2deg                            cstackBANK0  00056
?_scale                              cstackBANK0  00046
?_sin                                cstackBANK1  000A6
?_sprintf                            cstackBANK1  000A6
?_sqrt                               cstackBANK1  000A6
?_strtod                             cstackBANK0  00065
?_trunc                              cstackBANK0  00065
EUSART_Read@readValue                cstackCOMMON 00071
EUSART_Write@txData                  cstackBANK0  00021
LCD_pulse@i                          cstackBANK0  00021
LCD_puts_RAM@P                       cstackBANK0  00028
LCD_puts_RAM@line                    cstackBANK0  0002A
LCD_puts_RAM@offset                  cstackBANK0  0002B
LCD_puts_ROM@P                       cstackBANK0  00028
LCD_puts_ROM@line                    cstackBANK0  0002A
LCD_puts_ROM@offset                  cstackBANK0  0002B
LCD_w_byte@C                         cstackBANK0  00024
LCD_w_cmd@C                          cstackBANK0  00027
LCD_w_data@C                         cstackBANK0  00025
TMR0_ISR@CountCallBack               bssBANK1     000DC
_ADCON0                              (abs)        0009D
_ADCON0bits                          (abs)        0009D
_ADCON1                              (abs)        0009E
_ADCON2                              (abs)        0009F
_ADC_Initialize                      text63       02B3E
_ADRESH                              (abs)        0009C
_ADRESL                              (abs)        0009B
_ANSELA                              (abs)        0018C
_ANSELB                              (abs)        0018D
_ANSELC                              (abs)        0018E
_ANSELD                              (abs)        0018F
_ANSELE                              (abs)        00190
_APFCON1                             (abs)        0011D
_APFCON2                             (abs)        0011C
_BAUD1CON                            (abs)        0019F
_CCP1CON                             (abs)        00293
_CCP2CON                             (abs)        0029A
_CCP3CON                             (abs)        00313
_CCPR1H                              (abs)        00292
_CCPR1L                              (abs)        00291
_CCPR2H                              (abs)        00299
_CCPR2L                              (abs)        00298
_CCPR3H                              (abs)        00312
_CCPR3L                              (abs)        00311
_EUSART_Initialize                   text62       02C2E
_EUSART_Read                         text77       02C65
_EUSART_Receive_ISR                  text81       02C49
_EUSART_Transmit_ISR                 text80       02CD5
_EUSART_Write                        text13       02DB9
_FVRCON                              (abs)        00117
_FVRCONbits                          (abs)        00117
_FVR_Initialize                      text61       02B19
_INTCONbits                          (abs)        0000B
_INTERRUPT_InterruptManager          intentry     00004
_LATA                                (abs)        0010C
_LATB                                (abs)        0010D
_LATC                                (abs)        0010E
_LATD                                (abs)        0010F
_LATE                                (abs)        00110
_LCD_config                          text67       02EB1
_LCD_pulse                           text72       02C14
_LCD_puts_RAM                        text65       02C81
_LCD_puts_ROM                        text64       02C9D
_LCD_w_byte                          text71       0241E
_LCD_w_cmd                           text68       02B9F
_LCD_w_data                          text66       02B50
_OPTION_REG                          (abs)        00095
_OPTION_REGbits                      (abs)        00095
_OSCCON                              (abs)        00099
_OSCILLATOR_Initialize               text60       02B1D
_OSCSTAT                             (abs)        0009A
_OSCTUNE                             (abs)        00098
_PIE1bits                            (abs)        00091
_PIN_MANAGER_Initialize              text59       02EE5
_PIR1bits                            (abs)        00011
_PORTBbits                           (abs)        0000D
_PORTCbits                           (abs)        0000E
_PORTDbits                           (abs)        0000F
_PR2                                 (abs)        0001B
_PWM1_Initialize                     text58       02B29
_PWM2_Initialize                     text57       02B30
_PWM3_Initialize                     text56       02B37
_RC1REG                              (abs)        00199
_RC1STA                              (abs)        0019D
_RC1STAbits                          (abs)        0019D
_RCREG                               (abs)        00199
_SP1BRGH                             (abs)        0019C
_SP1BRGL                             (abs)        0019B
_SPI_Initialize                      text55       02B23
_SSP1ADD                             (abs)        00212
_SSP1CON1                            (abs)        00215
_SSP1CON1bits                        (abs)        00215
_SSP1STAT                            (abs)        00214
_SSP1STATbits                        (abs)        00214
_SSPBUF                              (abs)        00211
_SYSTEM_Initialize                   text51       02D51
_T2CON                               (abs)        0001C
_T2CONbits                           (abs)        0001C
_TMR0                                (abs)        00015
_TMR0_CallBack                       text79       00003
_TMR0_ISR                            text74       02BFA
_TMR0_Initialize                     text54       02B6D
_TMR2                                (abs)        0001A
_TMR2_Initialize                     text52       02B47
_TMR2_StartTimer                     text53       01800
_TRISA                               (abs)        0008C
_TRISB                               (abs)        0008D
_TRISBbits                           (abs)        0008D
_TRISC                               (abs)        0008E
_TRISCbits                           (abs)        0008E
_TRISD                               (abs)        0008F
_TRISDbits                           (abs)        0008F
_TRISE                               (abs)        00090
_TX1REG                              (abs)        0019A
_TX1STA                              (abs)        0019E
_WPUA                                (abs)        0020C
_WPUB                                (abs)        0020D
_WPUC                                (abs)        0020E
_WPUD                                (abs)        0020F
_WPUE                                (abs)        00210
__CFG_BOREN$ON                       (abs)        00000
__CFG_BORV$LO                        (abs)        00000
__CFG_CLKOUTEN$OFF                   (abs)        00000
__CFG_CP$OFF                         (abs)        00000
__CFG_CPD$OFF                        (abs)        00000
__CFG_FCMEN$ON                       (abs)        00000
__CFG_FOSC$INTOSC                    (abs)        00000
__CFG_IESO$ON                        (abs)        00000
__CFG_LPBOR$OFF                      (abs)        00000
__CFG_LVP$OFF                        (abs)        00000
__CFG_MCLRE$ON                       (abs)        00000
__CFG_PLLEN$ON                       (abs)        00000
__CFG_PWRTE$OFF                      (abs)        00000
__CFG_STVREN$ON                      (abs)        00000
__CFG_WDTE$OFF                       (abs)        00000
__CFG_WRT$OFF                        (abs)        00000
__Habs1                              abs1         00000
__Hbank0                             bank0        00000
__Hbank1                             bank1        00000
__Hbank10                            bank10       00000
__Hbank11                            bank11       00000
__Hbank12                            bank12       00000
__Hbank13                            bank13       00000
__Hbank14                            bank14       00000
__Hbank15                            bank15       00000
__Hbank16                            bank16       00000
__Hbank17                            bank17       00000
__Hbank18                            bank18       00000
__Hbank19                            bank19       00000
__Hbank2                             bank2        00000
__Hbank20                            bank20       00000
__Hbank21                            bank21       00000
__Hbank22                            bank22       00000
__Hbank23                            bank23       00000
__Hbank24                            bank24       00000
__Hbank25                            bank25       00000
__Hbank26                            bank26       00000
__Hbank27                            bank27       00000
__Hbank28                            bank28       00000
__Hbank29                            bank29       00000
__Hbank3                             bank3        00000
__Hbank30                            bank30       00000
__Hbank31                            bank31       00000
__Hbank4                             bank4        00000
__Hbank5                             bank5        00000
__Hbank6                             bank6        00000
__Hbank7                             bank7        00000
__Hbank8                             bank8        00000
__Hbank9                             bank9        00000
__Hbigram                            bigram       00000
__HbssBANK1                          bssBANK1     00000
__HbssBANK2                          bssBANK2     00000
__HbssBANK3                          bssBANK3     00000
__HbssCOMMON                         bssCOMMON    00000
__Hcinit                             cinit        00059
__Hclrtext                           clrtext      00000
__Hcode                              code         00000
__Hcommon                            common       00000
__Hconfig                            config       08009
__HcstackBANK0                       cstackBANK0  00000
__HcstackBANK1                       cstackBANK1  00000
__HcstackBANK2                       cstackBANK2  00000
__HcstackCOMMON                      cstackCOMMON 00000
__HdataCOMMON                        dataCOMMON   00000
__Heeprom_data                       eeprom_data  00000
__Hend_init                          end_init     00029
__Hfunctab                           functab      00000
__HidataCOMMON                       idataCOMMON  00000
__Hidloc                             idloc        00000
__Hinit                              init         00027
__Hintentry                          intentry     00027
__Hmaintext                          maintext     00000
__HnvBANK1                           nvBANK1      00000
__Hpowerup                           powerup      00000
__Hram                               ram          00000
__Hreset_vec                         reset_vec    00002
__Hsfr0                              sfr0         00000
__Hsfr1                              sfr1         00000
__Hsfr10                             sfr10        00000
__Hsfr11                             sfr11        00000
__Hsfr12                             sfr12        00000
__Hsfr13                             sfr13        00000
__Hsfr14                             sfr14        00000
__Hsfr15                             sfr15        00000
__Hsfr16                             sfr16        00000
__Hsfr17                             sfr17        00000
__Hsfr18                             sfr18        00000
__Hsfr19                             sfr19        00000
__Hsfr2                              sfr2         00000
__Hsfr20                             sfr20        00000
__Hsfr21                             sfr21        00000
__Hsfr22                             sfr22        00000
__Hsfr23                             sfr23        00000
__Hsfr24                             sfr24        00000
__Hsfr25                             sfr25        00000
__Hsfr26                             sfr26        00000
__Hsfr27                             sfr27        00000
__Hsfr28                             sfr28        00000
__Hsfr29                             sfr29        00000
__Hsfr3                              sfr3         00000
__Hsfr30                             sfr30        00000
__Hsfr31                             sfr31        00000
__Hsfr4                              sfr4         00000
__Hsfr5                              sfr5         00000
__Hsfr6                              sfr6         00000
__Hsfr7                              sfr7         00000
__Hsfr8                              sfr8         00000
__Hsfr9                              sfr9         00000
__Hspace_0                           (abs)        08009
__Hspace_1                           (abs)        001CE
__Hspace_2                           (abs)        00000
__Hspace_3                           (abs)        00000
__Hstack                             stack        00000
__Hstrings                           strings      00000
__Hstringtext                        stringtext   00000
__Htext                              text         00000
__Labs1                              abs1         00000
__Lbank0                             bank0        00000
__Lbank1                             bank1        00000
__Lbank10                            bank10       00000
__Lbank11                            bank11       00000
__Lbank12                            bank12       00000
__Lbank13                            bank13       00000
__Lbank14                            bank14       00000
__Lbank15                            bank15       00000
__Lbank16                            bank16       00000
__Lbank17                            bank17       00000
__Lbank18                            bank18       00000
__Lbank19                            bank19       00000
__Lbank2                             bank2        00000
__Lbank20                            bank20       00000
__Lbank21                            bank21       00000
__Lbank22                            bank22       00000
__Lbank23                            bank23       00000
__Lbank24                            bank24       00000
__Lbank25                            bank25       00000
__Lbank26                            bank26       00000
__Lbank27                            bank27       00000
__Lbank28                            bank28       00000
__Lbank29                            bank29       00000
__Lbank3                             bank3        00000
__Lbank30                            bank30       00000
__Lbank31                            bank31       00000
__Lbank4                             bank4        00000
__Lbank5                             bank5        00000
__Lbank6                             bank6        00000
__Lbank7                             bank7        00000
__Lbank8                             bank8        00000
__Lbank9                             bank9        00000
__Lbigram                            bigram       00000
__LbssBANK1                          bssBANK1     00000
__LbssBANK2                          bssBANK2     00000
__LbssBANK3                          bssBANK3     00000
__LbssCOMMON                         bssCOMMON    00000
__Lcinit                             cinit        00029
__Lclrtext                           clrtext      00000
__Lcode                              code         00000
__Lcommon                            common       00000
__Lconfig                            config       08007
__LcstackBANK0                       cstackBANK0  00000
__LcstackBANK1                       cstackBANK1  00000
__LcstackBANK2                       cstackBANK2  00000
__LcstackCOMMON                      cstackCOMMON 00000
__LdataCOMMON                        dataCOMMON   00000
__Leeprom_data                       eeprom_data  00000
__Lend_init                          end_init     00027
__Lfunctab                           functab      00000
__LidataCOMMON                       idataCOMMON  00000
__Lidloc                             idloc        00000
__Linit                              init         00027
__Lintentry                          intentry     00004
__Lmaintext                          maintext     00000
__LnvBANK1                           nvBANK1      00000
__Lpowerup                           powerup      00000
__Lram                               ram          00000
__Lreset_vec                         reset_vec    00000
__Lsfr0                              sfr0         00000
__Lsfr1                              sfr1         00000
__Lsfr10                             sfr10        00000
__Lsfr11                             sfr11        00000
__Lsfr12                             sfr12        00000
__Lsfr13                             sfr13        00000
__Lsfr14                             sfr14        00000
__Lsfr15                             sfr15        00000
__Lsfr16                             sfr16        00000
__Lsfr17                             sfr17        00000
__Lsfr18                             sfr18        00000
__Lsfr19                             sfr19        00000
__Lsfr2                              sfr2         00000
__Lsfr20                             sfr20        00000
__Lsfr21                             sfr21        00000
__Lsfr22                             sfr22        00000
__Lsfr23                             sfr23        00000
__Lsfr24                             sfr24        00000
__Lsfr25                             sfr25        00000
__Lsfr26                             sfr26        00000
__Lsfr27                             sfr27        00000
__Lsfr28                             sfr28        00000
__Lsfr29                             sfr29        00000
__Lsfr3                              sfr3         00000
__Lsfr30                             sfr30        00000
__Lsfr31                             sfr31        00000
__Lsfr4                              sfr4         00000
__Lsfr5                              sfr5         00000
__Lsfr6                              sfr6         00000
__Lsfr7                              sfr7         00000
__Lsfr8                              sfr8         00000
__Lsfr9                              sfr9         00000
__Lspace_0                           (abs)        00000
__Lspace_1                           (abs)        00000
__Lspace_2                           (abs)        00000
__Lspace_3                           (abs)        00000
__Lstack                             stack        00000
__Lstrings                           strings      00000
__Lstringtext                        stringtext   00000
__Ltext                              text         00000
__S0                                 (abs)        08009
__S1                                 (abs)        001CE
__S2                                 (abs)        00000
__S3                                 (abs)        00000
___altoft                            text49       02163
___altoft@c                          cstackBANK0  0005D
___altoft@exp                        cstackBANK0  00063
___altoft@sign                       cstackBANK0  00064
___awdiv                             text5        022A7
___awdiv@counter                     cstackBANK0  0002C
___awdiv@dividend                    cstackBANK0  00029
___awdiv@divisor                     cstackBANK0  00027
___awdiv@quotient                    cstackBANK0  0002E
___awdiv@sign                        cstackBANK0  0002D
___awmod                             text4        02261
___awmod@counter                     cstackBANK0  00025
___awmod@dividend                    cstackBANK0  00022
___awmod@divisor                     cstackBANK0  00020
___awmod@sign                        cstackBANK0  00026
___bmul                              text48       02B8D
___bmul@multiplicand                 cstackBANK0  00020
___bmul@multiplier                   cstackBANK0  00023
___bmul@product                      cstackBANK0  00022
___ftadd                             text38       018C2
___ftadd@exp1                        cstackBANK0  00065
___ftadd@exp2                        cstackBANK0  00064
___ftadd@f1                          cstackBANK0  00059
___ftadd@f2                          cstackBANK0  0005C
___ftadd@sign                        cstackBANK0  00063
___ftdiv                             text47       026A3
___ftdiv@cntr                        cstackBANK0  00050
___ftdiv@exp                         cstackBANK0  00054
___ftdiv@f1                          cstackBANK0  00049
___ftdiv@f2                          cstackBANK0  00046
___ftdiv@f3                          cstackBANK0  00051
___ftdiv@sign                        cstackBANK0  00055
___ftge                              text46       02FC4
___ftge@ff1                          cstackBANK0  00020
___ftge@ff2                          cstackBANK0  00023
___ftmul                             text45       0274C
___ftmul@cntr                        cstackBANK0  00044
___ftmul@exp                         cstackBANK0  00040
___ftmul@f1                          cstackBANK0  00036
___ftmul@f2                          cstackBANK0  00039
___ftmul@f3_as_product               cstackBANK0  00041
___ftmul@sign                        cstackBANK0  00045
___ftneg                             text44       01803
___ftneg@f1                          cstackBANK0  00020
___ftpack                            text50       023B9
___ftpack@arg                        cstackBANK0  00020
___ftpack@exp                        cstackBANK0  00023
___ftpack@sign                       cstackBANK0  00024
___ftsub                             text33       02E83
___ftsub@f1                          cstackBANK1  000A3
___ftsub@f2                          cstackBANK1  000A0
___fttol                             text29       02595
___fttol@exp1                        cstackBANK0  0005C
___fttol@f1                          cstackBANK0  0004F
___fttol@lval                        cstackBANK0  00058
___fttol@sign1                       cstackBANK0  00057
___int_sp                            stack        00000
___latbits                           (abs)        00003
___lldiv                             text10       0100C
___lldiv@counter                     cstackBANK0  0002D
___lldiv@dividend                    cstackBANK0  00024
___lldiv@divisor                     cstackBANK0  00020
___lldiv@quotient                    cstackBANK0  00029
___llmod                             text9        0221E
___llmod@counter                     cstackBANK0  00029
___llmod@dividend                    cstackBANK0  00024
___llmod@divisor                     cstackBANK0  00020
___lltoft                            text8        02E2D
___lltoft@c                          cstackBANK0  00028
___lltoft@exp                        cstackBANK0  0002D
___lmul                              text43       007CF
___lmul@multiplicand                 cstackBANK0  00024
___lmul@multiplier                   cstackBANK0  00020
___lmul@product                      cstackBANK0  00028
___sp                                stack        00000
___wmul                              text37       02CB9
___wmul@multiplicand                 cstackBANK0  00032
___wmul@multiplier                   cstackBANK0  00030
___wmul@product                      cstackBANK0  00034
__div_to_l_                          text7        019B8
__div_to_l_@cntr                     cstackBANK0  00032
__div_to_l_@exp1                     cstackBANK0  00033
__div_to_l_@f1                       cstackBANK0  00020
__div_to_l_@f2                       cstackBANK0  00023
__div_to_l_@quot                     cstackBANK0  0002E
__end_of_ADC_Initialize              text63       02B47
__end_of_EUSART_Initialize           text62       02C49
__end_of_EUSART_Read                 text77       02C81
__end_of_EUSART_Receive_ISR          text81       02C65
__end_of_EUSART_Transmit_ISR         text80       02CF2
__end_of_EUSART_Write                text13       02DDF
__end_of_FVR_Initialize              text61       02B1D
__end_of_INTERRUPT_InterruptManager  intentry     00027
__end_of_LCD_config                  text67       02EE5
__end_of_LCD_pulse                   text72       02C2E
__end_of_LCD_puts_RAM                text65       02C9D
__end_of_LCD_puts_ROM                text64       02CB9
__end_of_LCD_w_byte                  text71       02494
__end_of_LCD_w_cmd                   text68       02BB4
__end_of_LCD_w_data                  text66       02B5E
__end_of_OSCILLATOR_Initialize       text60       02B23
__end_of_PIN_MANAGER_Initialize      text59       02F1A
__end_of_PWM1_Initialize             text58       02B30
__end_of_PWM2_Initialize             text57       02B37
__end_of_PWM3_Initialize             text56       02B3E
__end_of_SPI_Initialize              text55       02B29
__end_of_SYSTEM_Initialize           text51       02D72
__end_of_TMR0_CallBack               text79       00004
__end_of_TMR0_ISR                    text74       02C14
__end_of_TMR0_Initialize             text54       02B7D
__end_of_TMR2_Initialize             text52       02B50
__end_of_TMR2_StartTimer             text53       01803
__end_of___altoft                    text49       021A0
__end_of___awdiv                     text5        022F9
__end_of___awmod                     text4        022A7
__end_of___bmul                      text48       02B9F
__end_of___ftadd                     text38       019B8
__end_of___ftdiv                     text47       0274C
__end_of___ftge                      text46       03000
__end_of___ftmul                     text45       02800
__end_of___ftneg                     text44       0180C
__end_of___ftpack                    text50       0241E
__end_of___ftsub                     text33       02EB1
__end_of___fttol                     text29       0261C
__end_of___lldiv                     text10       0105F
__end_of___llmod                     text9        02261
__end_of___lltoft                    text8        02E57
__end_of___lmul                      text43       007FF
__end_of___wmul                      text37       02CD5
__end_of__div_to_l_                  text7        01AD5
__end_of__initialization             cinit        00055
__end_of__npowers_                   stringtext   0204F
__end_of__powers_                    stringtext   02076
__end_of__tdiv_to_l_                 text6        018C2
__end_of_acos                        text30       021DD
__end_of_asin                        text31       02000
__end_of_atan                        text34       00979
__end_of_atan2                       text20       015D3
__end_of_atof                        text39       02B8D
__end_of_cos                         text25       02510
__end_of_deg2rad                     text24       02E06
__end_of_delay_ISR_ticks             text70       02D10
__end_of_delay_ms                    text69       02DB9
__end_of_distance                    text22       013CC
__end_of_dpowers                     stringtext   02028
__end_of_eval_poly                   text36       02359
__end_of_fabs                        text35       02D95
__end_of_floor                       text27       02595
__end_of_fmod                        text18       026A3
__end_of_frexp                       text28       02F50
__end_of_fround                      text3        011C5
__end_of_get_field                   text21       02F8A
__end_of_heading                     text17       01000
__end_of_hexpowers                   stringtext   02096
__end_of_isdigit                     text42       02B6D
__end_of_isspace                     text41       02163
__end_of_line_parser                 text16       023B9
__end_of_main                        maintext     01800
__end_of_ms_ISR                      text75       02D51
__end_of_rad2deg                     text23       02E2D
__end_of_scale                       text2        007CF
__end_of_serial_gets                 text15       02FC4
__end_of_serial_is_string            text14       02E83
__end_of_serial_puts_RAM             text12       02BCA
__end_of_serial_puts_ROM             text11       02BE0
__end_of_service_delay               text78       02BFA
__end_of_service_serial              text76       02D30
__end_of_sin                         text26       01E01
__end_of_sprintf                     text1        00589
__end_of_sqrt                        text32       01C1C
__end_of_strtod                      text40       00CA1
__end_of_trunc                       text19       0221E
__end_ofatan@coeff_a                 stringtext   020A8
__end_ofatan@coeff_b                 stringtext   020B7
__end_ofsin@coeff_a                  stringtext   020C6
__end_ofsin@coeff_b                  stringtext   020D2
__initialization                     cinit        00029
__npowers_                           stringtext   02028
__pbssBANK1                          bssBANK1     000DC
__pbssBANK2                          bssBANK2     00168
__pbssBANK3                          bssBANK3     001A0
__pbssBIGRAM                         (abs)        026A8
__pbssCOMMON                         bssCOMMON    00076
__pcstackBANK0                       cstackBANK0  00020
__pcstackBANK1                       cstackBANK1  000A0
__pcstackBANK2                       cstackBANK2  00120
__pcstackCOMMON                      cstackCOMMON 00070
__pdataCOMMON                        dataCOMMON   0007B
__pidataCOMMON                       idataCOMMON  007FF
__pintentry                          intentry     00004
__pmaintext                          maintext     015D3
__pnvBANK1                           nvBANK1      000E8
__powers_                            stringtext   0204F
__pstringtext                        stringtext   02000
__ptext1                             text1        00059
__ptext10                            text10       0100C
__ptext11                            text11       02BCA
__ptext12                            text12       02BB4
__ptext13                            text13       02DB9
__ptext14                            text14       02E57
__ptext15                            text15       02F8A
__ptext16                            text16       02359
__ptext17                            text17       00CA1
__ptext18                            text18       0261C
__ptext19                            text19       021DD
__ptext2                             text2        00589
__ptext20                            text20       013CC
__ptext21                            text21       02F50
__ptext22                            text22       011C5
__ptext23                            text23       02E06
__ptext24                            text24       02DDF
__ptext25                            text25       02494
__ptext26                            text26       01C1C
__ptext27                            text27       02510
__ptext28                            text28       02F1A
__ptext29                            text29       02595
__ptext3                             text3        0105F
__ptext30                            text30       021A0
__ptext31                            text31       01E01
__ptext32                            text32       01AD5
__ptext33                            text33       02E83
__ptext34                            text34       00802
__ptext35                            text35       02D72
__ptext36                            text36       022F9
__ptext37                            text37       02CB9
__ptext38                            text38       018C2
__ptext39                            text39       02B7D
__ptext4                             text4        02261
__ptext40                            text40       00979
__ptext41                            text41       02150
__ptext42                            text42       02B5E
__ptext43                            text43       007CF
__ptext44                            text44       01803
__ptext45                            text45       0274C
__ptext46                            text46       02FC4
__ptext47                            text47       026A3
__ptext48                            text48       02B8D
__ptext49                            text49       02163
__ptext5                             text5        022A7
__ptext50                            text50       023B9
__ptext51                            text51       02D51
__ptext52                            text52       02B47
__ptext53                            text53       01800
__ptext54                            text54       02B6D
__ptext55                            text55       02B23
__ptext56                            text56       02B37
__ptext57                            text57       02B30
__ptext58                            text58       02B29
__ptext59                            text59       02EE5
__ptext6                             text6        0180C
__ptext60                            text60       02B1D
__ptext61                            text61       02B19
__ptext62                            text62       02C2E
__ptext63                            text63       02B3E
__ptext64                            text64       02C9D
__ptext65                            text65       02C81
__ptext66                            text66       02B50
__ptext67                            text67       02EB1
__ptext68                            text68       02B9F
__ptext69                            text69       02D95
__ptext7                             text7        019B8
__ptext70                            text70       02CF2
__ptext71                            text71       0241E
__ptext72                            text72       02C14
__ptext74                            text74       02BFA
__ptext75                            text75       02D30
__ptext76                            text76       02D10
__ptext77                            text77       02C65
__ptext78                            text78       02BE0
__ptext79                            text79       00003
__ptext8                             text8        02E2D
__ptext80                            text80       02CD5
__ptext81                            text81       02C49
__ptext9                             text9        0221E
__size_of_ADC_Initialize             (abs)        00000
__size_of_EUSART_Initialize          (abs)        00000
__size_of_EUSART_Read                (abs)        00000
__size_of_EUSART_Receive_ISR         (abs)        00000
__size_of_EUSART_Transmit_ISR        (abs)        00000
__size_of_EUSART_Write               (abs)        00000
__size_of_FVR_Initialize             (abs)        00000
__size_of_INTERRUPT_InterruptManager (abs)        00000
__size_of_LCD_config                 (abs)        00000
__size_of_LCD_pulse                  (abs)        00000
__size_of_LCD_puts_RAM               (abs)        00000
__size_of_LCD_puts_ROM               (abs)        00000
__size_of_LCD_w_byte                 (abs)        00000
__size_of_LCD_w_cmd                  (abs)        00000
__size_of_LCD_w_data                 (abs)        00000
__size_of_OSCILLATOR_Initialize      (abs)        00000
__size_of_PIN_MANAGER_Initialize     (abs)        00000
__size_of_PWM1_Initialize            (abs)        00000
__size_of_PWM2_Initialize            (abs)        00000
__size_of_PWM3_Initialize            (abs)        00000
__size_of_SPI_Initialize             (abs)        00000
__size_of_SYSTEM_Initialize          (abs)        00000
__size_of_TMR0_CallBack              (abs)        00000
__size_of_TMR0_ISR                   (abs)        00000
__size_of_TMR0_Initialize            (abs)        00000
__size_of_TMR2_Initialize            (abs)        00000
__size_of_TMR2_StartTimer            (abs)        00000
__size_of___altoft                   (abs)        00000
__size_of___awdiv                    (abs)        00000
__size_of___awmod                    (abs)        00000
__size_of___bmul                     (abs)        00000
__size_of___ftadd                    (abs)        00000
__size_of___ftdiv                    (abs)        00000
__size_of___ftge                     (abs)        00000
__size_of___ftmul                    (abs)        00000
__size_of___ftneg                    (abs)        00000
__size_of___ftpack                   (abs)        00000
__size_of___ftsub                    (abs)        00000
__size_of___fttol                    (abs)        00000
__size_of___lldiv                    (abs)        00000
__size_of___llmod                    (abs)        00000
__size_of___lltoft                   (abs)        00000
__size_of___lmul                     (abs)        00000
__size_of___wmul                     (abs)        00000
__size_of__div_to_l_                 (abs)        00000
__size_of__tdiv_to_l_                (abs)        00000
__size_of_acos                       (abs)        00000
__size_of_asin                       (abs)        00000
__size_of_atan                       (abs)        00000
__size_of_atan2                      (abs)        00000
__size_of_atof                       (abs)        00000
__size_of_cos                        (abs)        00000
__size_of_deg2rad                    (abs)        00000
__size_of_delay_ISR_ticks            (abs)        00000
__size_of_delay_ms                   (abs)        00000
__size_of_distance                   (abs)        00000
__size_of_eval_poly                  (abs)        00000
__size_of_fabs                       (abs)        00000
__size_of_floor                      (abs)        00000
__size_of_fmod                       (abs)        00000
__size_of_frexp                      (abs)        00000
__size_of_fround                     (abs)        00000
__size_of_get_field                  (abs)        00000
__size_of_heading                    (abs)        00000
__size_of_isdigit                    (abs)        00000
__size_of_isspace                    (abs)        00000
__size_of_line_parser                (abs)        00000
__size_of_main                       (abs)        00000
__size_of_ms_ISR                     (abs)        00000
__size_of_rad2deg                    (abs)        00000
__size_of_scale                      (abs)        00000
__size_of_serial_gets                (abs)        00000
__size_of_serial_is_string           (abs)        00000
__size_of_serial_puts_RAM            (abs)        00000
__size_of_serial_puts_ROM            (abs)        00000
__size_of_service_delay              (abs)        00000
__size_of_service_serial             (abs)        00000
__size_of_sin                        (abs)        00000
__size_of_sprintf                    (abs)        00000
__size_of_sqrt                       (abs)        00000
__size_of_strtod                     (abs)        00000
__size_of_trunc                      (abs)        00000
__tdiv_to_l_                         text6        0180C
__tdiv_to_l_@cntr                    cstackBANK0  0002E
__tdiv_to_l_@exp1                    cstackBANK0  0002F
__tdiv_to_l_@f1                      cstackBANK0  00020
__tdiv_to_l_@f2                      cstackBANK0  00023
__tdiv_to_l_@quot                    cstackBANK0  0002A
_acos                                text30       021A0
_acos$1914                           cstackBANK1  000D4
[...]
      Params:         0       0       0       0       0       0       0       0       0       0       0       0       0       0       0       0       0       0       0       0       0       0       0       0       0       0       0
      Locals:         0       0       0       0       0       0       0       0       0       0       0       0       0       0       0       0       0       0       0       0       0       0       0       0       0       0       0
      Temps:          3       0       0       0       0       0       0       0       0       0       0       0       0       0       0       0       0       0       0       0       0       0       0       0       0       0       0
      Totals:         3       0       0       0       0       0       0       0       0       0       0       0       0       0       0       0       0       0       0       0       0       0       0       0       0       0       0
Total ram usage:        3 bytes
 Hardware stack levels used:    1
 Hardware stack levels required when called:    1
 This function calls:
		_EUSART_Read
 This function is called by:
		_ms_ISR
 This function uses a non-reentrant model


 *************** function _EUSART_Read *****************
 Defined at:
		line 112 in file "mcc_generated_files/eusart.c"
 Parameters:    Size  Location     Type
		None
 Auto vars:     Size  Location     Type
  readValue       1    1[COMMON] unsigned char 
 Return value:  Size  Location     Type
                  1    wreg      unsigned char 
 Registers used:
		wreg, fsr1l, fsr1h, status,2, status,0
 Tracked objects:
		On entry : 
		On exit  : 
		Unchanged: 
 Data sizes:     COMMON   BANK0   BANK1   BANK2   BANK3   BANK4   BANK5   BANK6   BANK7   BANK8   BANK9  BANK10  BANK11  BANK12  BANK13  BANK14  BANK15  BANK16  BANK17  BANK18  BANK19  BANK20  BANK21  BANK22  BANK23  BANK24  BANK25
      Params:         0       0       0       0       0       0       0       0       0       0       0       0       0       0       0       0       0       0       0       0       0       0       0       0       0       0       0
      Locals:         1       0       0       0       0       0       0       0       0       0       0       0       0       0       0       0       0       0       0       0       0       0       0       0       0       0       0
      Temps:          1       0       0       0       0       0       0       0       0       0       0       0       0       0       0       0       0       0       0       0       0       0       0       0       0       0       0
      Totals:         2       0       0       0       0       0       0       0       0       0       0       0       0       0       0       0       0       0       0       0       0       0       0       0       0       0       0
Total ram usage:        2 bytes
 Hardware stack levels used:    1
 This function calls:
		Nothing
 This function is called by:
		_service_serial
 This function uses a non-reentrant model


 *************** function _service_delay *****************
 Defined at:
		line 84 in file "delay.c"
 Parameters:    Size  Location     Type
		None
 Auto vars:     Size  Location     Type
		None
 Return value:  Size  Location     Type
		None               void
 Registers used:
		wreg, status,2, status,0
 Tracked objects:
		On entry : 
		On exit  : 
		Unchanged: 
 Data sizes:     COMMON   BANK0   BANK1   BANK2   BANK3   BANK4   BANK5   BANK6   BANK7   BANK8   BANK9  BANK10  BANK11  BANK12  BANK13  BANK14  BANK15  BANK16  BANK17  BANK18  BANK19  BANK20  BANK21  BANK22  BANK23  BANK24  BANK25
      Params:         0       0       0       0       0       0       0       0       0       0       0       0       0       0       0       0       0       0       0       0       0       0       0       0       0       0       0
      Locals:         0       0       0       0       0       0       0       0       0       0       0       0       0       0       0       0       0       0       0       0       0       0       0       0       0       0       0
      Temps:          0       0       0       0       0       0       0       0       0       0       0       0       0       0       0       0       0       0       0       0       0       0       0       0       0       0       0
      Totals:         0       0       0       0       0       0       0       0       0       0       0       0       0       0       0       0       0       0       0       0       0       0       0       0       0       0       0
Total ram usage:        0 bytes
 Hardware stack levels used:    1
 This function calls:
		Nothing
 This function is called by:
		_ms_ISR
 This function uses a non-reentrant model


 *************** function _TMR0_CallBack *****************
 Defined at:
		line 122 in file "mcc_generated_files/tmr0.c"
 Parameters:    Size  Location     Type
		None
 Auto vars:     Size  Location     Type
		None
 Return value:  Size  Location     Type
		None               void
 Registers used:
		None
 Tracked objects:
		On entry : 
		On exit  : 
		Unchanged: 
 Data sizes:     COMMON   BANK0   BANK1   BANK2   BANK3   BANK4   BANK5   BANK6   BANK7   BANK8   BANK9  BANK10  BANK11  BANK12  BANK13  BANK14  BANK15  BANK16  BANK17  BANK18  BANK19  BANK20  BANK21  BANK22  BANK23  BANK24  BANK25
      Params:         0       0       0       0       0       0       0       0       0       0       0       0       0       0       0       0       0       0       0       0       0       0       0       0       0       0       0
      Locals:         0       0       0       0       0       0       0       0       0       0       0       0       0       0       0       0       0       0       0       0       0       0       0       0       0       0       0
      Temps:          0       0       0       0       0       0       0       0       0       0       0       0       0       0       0       0       0       0       0       0       0       0       0       0       0       0       0
      Totals:         0       0       0       0       0       0       0       0       0       0       0       0       0       0       0       0       0       0       0       0       0       0       0       0       0       0       0
Total ram usage:        0 bytes
 Hardware stack levels used:    1
 This function calls:
		Nothing
 This function is called by:
		_TMR0_ISR
 This function uses a non-reentrant model


 *************** function _EUSART_Transmit_ISR *****************
 Defined at:
		line 147 in file "mcc_generated_files/eusart.c"
 Parameters:    Size  Location     Type
		None
 Auto vars:     Size  Location     Type
		None
 Return value:  Size  Location     Type
		None               void
 Registers used:
		wreg, fsr1l, fsr1h, status,2, status,0
 Tracked objects:
		On entry : 
		On exit  : 
		Unchanged: 
 Data sizes:     COMMON   BANK0   BANK1   BANK2   BANK3   BANK4   BANK5   BANK6   BANK7   BANK8   BANK9  BANK10  BANK11  BANK12  BANK13  BANK14  BANK15  BANK16  BANK17  BANK18  BANK19  BANK20  BANK21  BANK22  BANK23  BANK24  BANK25
      Params:         0       0       0       0       0       0       0       0       0       0       0       0       0       0       0       0       0       0       0       0       0       0       0       0       0       0       0
      Locals:         0       0       0       0       0       0       0       0       0       0       0       0       0       0       0       0       0       0       0       0       0       0       0       0       0       0       0
      Temps:          1       0       0       0       0       0       0       0       0       0       0       0       0       0       0       0       0       0       0       0       0       0       0       0       0       0       0
      Totals:         1       0       0       0       0       0       0       0       0       0       0       0       0       0       0       0       0       0       0       0       0       0       0       0       0       0       0
Total ram usage:        1 bytes
 Hardware stack levels used:    1
 This function calls:
		Nothing
 This function is called by:
		_INTERRUPT_InterruptManager
 This function uses a non-reentrant model


 *************** function _EUSART_Receive_ISR *****************
 Defined at:
		line 161 in file "mcc_generated_files/eusart.c"
 Parameters:    Size  Location     Type
		None
 Auto vars:     Size  Location     Type
		None
 Return value:  Size  Location     Type
		None               void
 Registers used:
		wreg, fsr1l, fsr1h, status,2, status,0
 Tracked objects:
		On entry : 
		On exit  : 
		Unchanged: 
 Data sizes:     COMMON   BANK0   BANK1   BANK2   BANK3   BANK4   BANK5   BANK6   BANK7   BANK8   BANK9  BANK10  BANK11  BANK12  BANK13  BANK14  BANK15  BANK16  BANK17  BANK18  BANK19  BANK20  BANK21  BANK22  BANK23  BANK24  BANK25
      Params:         0       0       0       0       0       0       0       0       0       0       0       0       0       0       0       0       0       0       0       0       0       0       0       0       0       0       0
      Locals:         0       0       0       0       0       0       0       0       0       0       0       0       0       0       0       0       0       0       0       0       0       0       0       0       0       0       0
      Temps:          1       0       0       0       0       0       0       0       0       0       0       0       0       0       0       0       0       0       0       0       0       0       0       0       0       0       0
      Totals:         1       0       0       0       0       0       0       0       0       0       0       0       0       0       0       0       0       0       0       0       0       0       0       0       0       0       0
Total ram usage:        1 bytes
 Hardware stack levels used:    1
 This function calls:
		Nothing
 This function is called by:
		_INTERRUPT_InterruptManager
 This function uses a non-reentrant model



MODULE INFORMATION

Module		Function		Class		Link	Load	Size
/opt/microchip/xc8/v1.35/sources/common/lltoft.c
		___lltoft      		CODE           	2E2D	0000	43

/opt/microchip/xc8/v1.35/sources/common/lltoft.c estimated size: 43

/opt/microchip/xc8/v1.35/sources/common/fttol.c
		___fttol       		CODE           	2595	0000	136

/opt/microchip/xc8/v1.35/sources/common/fttol.c estimated size: 136

serial.c
		_serial_puts_RAM		CODE           	2BB4	0000	23
		_serial_puts_ROM		CODE           	2BCA	0000	23
		_service_serial		CODE           	2D10	0000	33
		_serial_gets   		CODE           	2F8A	0000	59
		_serial_is_string		CODE           	2E57	0000	45

serial.c estimated size: 183

/opt/microchip/xc8/v1.35/sources/common/atof.c
		_atof          		CODE           	2B7D	0000	17
		_strtod        		CODE           	0979	0000	809

/opt/microchip/xc8/v1.35/sources/common/atof.c estimated size: 826

delay.c
		_service_delay 		CODE           	2BE0	0000	27
		_delay_ISR_ticks		CODE           	2CF2	0000	31
		_delay_ms      		CODE           	2D95	0000	37

delay.c estimated size: 95

line_parser.c
		_line_parser   		CODE           	2359	0000	97
		_get_field     		CODE           	2F50	0000	59

line_parser.c estimated size: 156

/opt/microchip/xc8/v1.35/sources/common/awdiv.c
		___awdiv       		CODE           	22A7	0000	83

/opt/microchip/xc8/v1.35/sources/common/awdiv.c estimated size: 83

mcc_generated_files/fvr.c
		_FVR_Initialize		CODE           	2B19	0000	5

mcc_generated_files/fvr.c estimated size: 5

/opt/microchip/xc8/v1.35/sources/common/ftadd.c
		___ftadd       		CODE           	18C2	0000	247

/opt/microchip/xc8/v1.35/sources/common/ftadd.c estimated size: 247

/opt/microchip/xc8/v1.35/sources/common/trunc.c
		_trunc         		CODE           	21DD	0000	66

/opt/microchip/xc8/v1.35/sources/common/trunc.c estimated size: 66

/opt/microchip/xc8/v1.35/sources/common/isspace.c
		_isspace       		CODE           	2150	0000	20

/opt/microchip/xc8/v1.35/sources/common/isspace.c estimated size: 20

/opt/microchip/xc8/v1.35/sources/common/ftge.c
		___ftge        		CODE           	2FC4	0000	61

/opt/microchip/xc8/v1.35/sources/common/ftge.c estimated size: 61

/opt/microchip/xc8/v1.35/sources/common/doprnt.c
		_scale         		CODE           	0589	0000	583
		_sprintf       		CODE           	0059	0000	1329
		_fround        		CODE           	105F	0000	359

/opt/microchip/xc8/v1.35/sources/common/doprnt.c estimated size: 2271

/opt/microchip/xc8/v1.35/sources/common/sin.c
		_sin           		CODE           	1C1C	0000	486

/opt/microchip/xc8/v1.35/sources/common/sin.c estimated size: 486

mcc_generated_files/tmr2.c
		_TMR2_Initialize		CODE           	2B47	0000	10
		_TMR2_StartTimer		CODE           	1800	0000	4

mcc_generated_files/tmr2.c estimated size: 14

mcc_generated_files/interrupt_manager.c
		_INTERRUPT_InterruptManager		CODE           	0004	0000	36

mcc_generated_files/interrupt_manager.c estimated size: 36

/opt/microchip/xc8/v1.35/sources/common/fabs.c
		_fabs          		CODE           	2D72	0000	36

/opt/microchip/xc8/v1.35/sources/common/fabs.c estimated size: 36

mcc_generated_files/pwm2.c
		_PWM2_Initialize		CODE           	2B30	0000	8

mcc_generated_files/pwm2.c estimated size: 8

/opt/microchip/xc8/v1.35/sources/common/sprcsqrt.c
		_sqrt          		CODE           	1AD5	0000	328

/opt/microchip/xc8/v1.35/sources/common/sprcsqrt.c estimated size: 328

mcc_generated_files/tmr0.c
		_TMR0_CallBack 		CODE           	0003	0000	2
		_TMR0_ISR      		CODE           	2BFA	0000	27
		_TMR0_Initialize		CODE           	2B6D	0000	17

mcc_generated_files/tmr0.c estimated size: 46

/opt/microchip/xc8/v1.35/sources/common/Umul16.c
		___wmul        		CODE           	2CB9	0000	29

/opt/microchip/xc8/v1.35/sources/common/Umul16.c estimated size: 29

mcc_generated_files/pin_manager.c
		_PIN_MANAGER_Initialize		CODE           	2EE5	0000	54

mcc_generated_files/pin_manager.c estimated size: 54

/opt/microchip/xc8/v1.35/sources/common/acos.c
		_acos          		CODE           	21A0	0000	62

/opt/microchip/xc8/v1.35/sources/common/acos.c estimated size: 62

/opt/microchip/xc8/v1.35/sources/common/ftneg.c
		___ftneg       		CODE           	1803	0000	10

/opt/microchip/xc8/v1.35/sources/common/ftneg.c estimated size: 10

/opt/microchip/xc8/v1.35/sources/common/ftsub.c
		___ftsub       		CODE           	2E83	0000	47

/opt/microchip/xc8/v1.35/sources/common/ftsub.c estimated size: 47

/opt/microchip/xc8/v1.35/sources/common/isdigit.c
		_isdigit       		CODE           	2B5E	0000	16

/opt/microchip/xc8/v1.35/sources/common/isdigit.c estimated size: 16

/opt/microchip/xc8/v1.35/sources/common/float.c
		___ftpack      		CODE           	23B9	0000	102

/opt/microchip/xc8/v1.35/sources/common/float.c estimated size: 102

mcc_generated_files/adc.c
		_ADC_Initialize		CODE           	2B3E	0000	10

mcc_generated_files/adc.c estimated size: 10

/opt/microchip/xc8/v1.35/sources/common/ftdivl.c
		__tdiv_to_l_   		CODE           	180C	0000	183

/opt/microchip/xc8/v1.35/sources/common/ftdivl.c estimated size: 183

GPS_distance.c
		_rad2deg       		CODE           	2E06	0000	40
		_deg2rad       		CODE           	2DDF	0000	40
		_heading       		CODE           	0CA1	0000	864
		_distance      		CODE           	11C5	0000	520

GPS_distance.c estimated size: 1464

mcc_generated_files/spi.c
		_SPI_Initialize		CODE           	2B23	0000	7

mcc_generated_files/spi.c estimated size: 7

/opt/microchip/xc8/v1.35/sources/common/llmod.c
		___llmod       		CODE           	221E	0000	68

/opt/microchip/xc8/v1.35/sources/common/llmod.c estimated size: 68

/opt/microchip/xc8/v1.35/sources/common/atan.c
		_atan          		CODE           	0802	0000	376

/opt/microchip/xc8/v1.35/sources/common/atan.c estimated size: 376

isr.c
		_ms_ISR        		CODE           	2D30	0000	34

isr.c estimated size: 34

/opt/microchip/xc8/v1.35/sources/common/Umul32.c
		___lmul        		CODE           	07CF	0000	49

/opt/microchip/xc8/v1.35/sources/common/Umul32.c estimated size: 49

/opt/microchip/xc8/v1.35/sources/common/fmod.c
		_fmod          		CODE           	261C	0000	136

/opt/microchip/xc8/v1.35/sources/common/fmod.c estimated size: 136

/opt/microchip/xc8/v1.35/sources/common/fldivl.c
		__div_to_l_    		CODE           	19B8	0000	286

/opt/microchip/xc8/v1.35/sources/common/fldivl.c estimated size: 286

shared
		__powers_      		STRCODE        	204F	0000	40
		_dpowers       		STRCODE        	2000	0000	41
		atan@coeff_a   		STRCODE        	2096	0000	19
		atan@coeff_b   		STRCODE        	20A8	0000	16
		__npowers_     		STRCODE        	2028	0000	40
		__initialization		CODE           	0029	0000	45
		_hexpowers     		STRCODE        	2076	0000	33
		sin@coeff_a    		STRCODE        	20B7	0000	16
		sin@coeff_b    		STRCODE        	20C6	0000	13

shared estimated size: 263

/opt/microchip/xc8/v1.35/sources/common/frexp.c
		_frexp         		CODE           	2F1A	0000	55

/opt/microchip/xc8/v1.35/sources/common/frexp.c estimated size: 55

/opt/microchip/xc8/v1.35/sources/common/cos.c
		_cos           		CODE           	2494	0000	125

/opt/microchip/xc8/v1.35/sources/common/cos.c estimated size: 125

mcc_generated_files/mcc.c
		_OSCILLATOR_Initialize		CODE           	2B1D	0000	7
		_SYSTEM_Initialize		CODE           	2D51	0000	34

mcc_generated_files/mcc.c estimated size: 41

mcc_generated_files/pwm3.c
		_PWM3_Initialize		CODE           	2B37	0000	8

mcc_generated_files/pwm3.c estimated size: 8

/opt/microchip/xc8/v1.35/sources/common/floor.c
		_floor         		CODE           	2510	0000	134

/opt/microchip/xc8/v1.35/sources/common/floor.c estimated size: 134

/opt/microchip/xc8/v1.35/sources/common/ftmul.c
		___ftmul       		CODE           	274C	0000	181

/opt/microchip/xc8/v1.35/sources/common/ftmul.c estimated size: 181

/opt/microchip/xc8/v1.35/sources/common/awmod.c
		___awmod       		CODE           	2261	0000	71

/opt/microchip/xc8/v1.35/sources/common/awmod.c estimated size: 71

mcc_generated_files/pwm1.c
		_PWM1_Initialize		CODE           	2B29	0000	8

mcc_generated_files/pwm1.c estimated size: 8

/opt/microchip/xc8/v1.35/sources/common/ftdiv.c
		___ftdiv       		CODE           	26A3	0000	170

/opt/microchip/xc8/v1.35/sources/common/ftdiv.c estimated size: 170

/opt/microchip/xc8/v1.35/sources/common/altoft.c
		___altoft      		CODE           	2163	0000	62

/opt/microchip/xc8/v1.35/sources/common/altoft.c estimated size: 62

mcc_generated_files/eusart.c
		_EUSART_Read   		CODE           	2C65	0000	29
		_EUSART_Write  		CODE           	2DB9	0000	39
		_EUSART_Transmit_ISR		CODE           	2CD5	0000	30
		_EUSART_Initialize		CODE           	2C2E	0000	28
		_EUSART_Receive_ISR		CODE           	2C49	0000	29

mcc_generated_files/eusart.c estimated size: 155

/opt/microchip/xc8/v1.35/sources/common/asin.c
		_asin          		CODE           	1E01	0000	512

/opt/microchip/xc8/v1.35/sources/common/asin.c estimated size: 512

main.c
		_main          		CODE           	15D3	0000	558

main.c estimated size: 558

/opt/microchip/xc8/v1.35/sources/common/atan2.c
		_atan2         		CODE           	13CC	0000	520

/opt/microchip/xc8/v1.35/sources/common/atan2.c estimated size: 520

/opt/microchip/xc8/v1.35/sources/common/lldiv.c
		___lldiv       		CODE           	100C	0000	84

/opt/microchip/xc8/v1.35/sources/common/lldiv.c estimated size: 84

/opt/microchip/xc8/v1.35/sources/common/evalpoly.c
		_eval_poly     		CODE           	22F9	0000	97

/opt/microchip/xc8/v1.35/sources/common/evalpoly.c estimated size: 97

/opt/microchip/xc8/v1.35/sources/common/Umul8.c
		___bmul        		CODE           	2B8D	0000	19

/opt/microchip/xc8/v1.35/sources/common/Umul8.c estimated size: 19

LCD.c
		_LCD_w_byte    		CODE           	241E	0000	119
		_LCD_pulse     		CODE           	2C14	0000	27
		_LCD_config    		CODE           	2EB1	0000	53
		_LCD_w_data    		CODE           	2B50	0000	15
		_LCD_w_cmd     		CODE           	2B9F	0000	22
		_LCD_puts_RAM  		CODE           	2C81	0000	29
		_LCD_puts_ROM  		CODE           	2C9D	0000	29

LCD.c estimated size: 294

